
  .   ____          _            __ _ _
 /\\ / ___'_ __ _ _(_)_ __  __ _ \ \ \ \
( ( )\___ | '_ | '_| | '_ \/ _` | \ \ \ \
 \\/  ___)| |_)| | | | | || (_| |  ) ) ) )
  '  |____| .__|_| |_|_| |_\__, | / / / /
 =========|_|==============|___/=/_/_/_/
 :: Spring Boot ::                (v3.2.4)

2026-09-06T16:45:04.671+08:00  INFO 4900 --- [mall-merchant-service] [           main] com.mall.merchant.MerchantApplication    : Starting MerchantApplication using Java 22.0.2 with PID 4900 (C:\Users\陈增\Desktop\狗屎\mall-backend\mall-merchant-service\target\mall-merchant-service-0.1.0-SNAPSHOT.jar started by 陈增 in C:\Users\陈增\Desktop\狗屎\mall-backend)
2026-09-06T16:45:04.677+08:00  INFO 4900 --- [mall-merchant-service] [           main] com.mall.merchant.MerchantApplication    : No active profile set, falling back to 1 default profile: "default"
2026-09-06T16:45:07.578+08:00  INFO 4900 --- [mall-merchant-service] [           main] o.s.cloud.context.scope.GenericScope     : BeanFactory id=e971d8a3-f311-30af-8717-78c871c5a121
2026-09-06T16:45:08.406+08:00  INFO 4900 --- [mall-merchant-service] [           main] o.s.b.w.embedded.tomcat.TomcatWebServer  : Tomcat initialized with port 8012 (http)
2026-09-06T16:45:08.432+08:00  INFO 4900 --- [mall-merchant-service] [           main] o.apache.catalina.core.StandardService   : Starting service [Tomcat]
2026-09-06T16:45:08.432+08:00  INFO 4900 --- [mall-merchant-service] [           main] o.apache.catalina.core.StandardEngine    : Starting Servlet engine: [Apache Tomcat/10.1.19]
2026-09-06T16:45:08.502+08:00  INFO 4900 --- [mall-merchant-service] [           main] o.a.c.c.C.[Tomcat].[localhost].[/]       : Initializing Spring embedded WebApplicationContext
2026-09-06T16:45:08.504+08:00  INFO 4900 --- [mall-merchant-service] [           main] w.s.c.ServletWebServerApplicationContext : Root WebApplicationContext: initialization completed in 3626 ms
 _ _   |_  _ _|_. ___ _ |    _ 
| | |\/|_)(_| | |_\  |_)||_|_\ 
     /               |         
                        3.5.5 
2026-09-06T16:45:13.124+08:00  INFO 4900 --- [mall-merchant-service] [           main] o.s.cloud.commons.util.InetUtils         : Cannot determine local hostname
2026-09-06T16:45:14.366+08:00  INFO 4900 --- [mall-merchant-service] [           main] o.s.cloud.commons.util.InetUtils         : Cannot determine local hostname
2026-09-06T16:45:14.425+08:00  INFO 4900 --- [mall-merchant-service] [           main] o.s.b.w.embedded.tomcat.TomcatWebServer  : Tomcat started on port 8012 (http) with context path ''
2026-09-06T16:45:14.436+08:00  INFO 4900 --- [mall-merchant-service] [           main] com.alibaba.nacos.client.naming          : initializer namespace from ans.namespace attribute : null
2026-09-06T16:45:14.438+08:00  INFO 4900 --- [mall-merchant-service] [           main] com.alibaba.nacos.client.naming          : initializer namespace from ALIBABA_ALIWARE_NAMESPACE attribute :null
2026-09-06T16:45:14.439+08:00  INFO 4900 --- [mall-merchant-service] [           main] com.alibaba.nacos.client.naming          : initializer namespace from namespace attribute :null
2026-09-06T16:45:14.440+08:00  INFO 4900 --- [mall-merchant-service] [       Thread-3] c.a.n.c.a.r.identify.CredentialWatcher   : null No credential found
2026-09-06T16:45:14.456+08:00  INFO 4900 --- [mall-merchant-service] [           main] com.alibaba.nacos.client.naming          : FailoverDataSource type is class com.alibaba.nacos.client.naming.backups.datasource.DiskFailoverDataSource
2026-09-06T16:45:14.473+08:00  INFO 4900 --- [mall-merchant-service] [           main] c.alibaba.nacos.client.utils.ParamUtil   : [settings] [req-serv] nacos-server port:8848
2026-09-06T16:45:14.473+08:00  INFO 4900 --- [mall-merchant-service] [           main] c.alibaba.nacos.client.utils.ParamUtil   : [settings] [http-client] connect timeout:1000
2026-09-06T16:45:14.475+08:00  INFO 4900 --- [mall-merchant-service] [           main] c.alibaba.nacos.client.utils.ParamUtil   : PER_TASK_CONFIG_SIZE: 3000.0
2026-09-06T16:45:14.481+08:00  INFO 4900 --- [mall-merchant-service] [           main] c.a.n.p.a.s.c.ClientAuthPluginManager    : [ClientAuthPluginManager] Load ClientAuthService com.alibaba.nacos.client.auth.impl.NacosClientAuthServiceImpl success.
2026-09-06T16:45:14.481+08:00  INFO 4900 --- [mall-merchant-service] [           main] c.a.n.p.a.s.c.ClientAuthPluginManager    : [ClientAuthPluginManager] Load ClientAuthService com.alibaba.nacos.client.auth.ram.RamClientAuthServiceImpl success.
2026-09-06T16:45:14.506+08:00  INFO 4900 --- [mall-merchant-service] [           main] com.alibaba.nacos.common.remote.client   : [RpcClientFactory] create a new rpc client of 5a80c928-a6b9-4806-97c4-e89f7f6341d7
2026-09-06T16:45:14.557+08:00  INFO 4900 --- [mall-merchant-service] [           main] com.alibaba.nacos.client.naming          : Create naming rpc client for uuid->5a80c928-a6b9-4806-97c4-e89f7f6341d7
2026-09-06T16:45:14.558+08:00  INFO 4900 --- [mall-merchant-service] [           main] com.alibaba.nacos.common.remote.client   : [5a80c928-a6b9-4806-97c4-e89f7f6341d7] RpcClient init, ServerListFactory = com.alibaba.nacos.client.naming.core.ServerListManager
2026-09-06T16:45:14.559+08:00  INFO 4900 --- [mall-merchant-service] [           main] com.alibaba.nacos.common.remote.client   : [5a80c928-a6b9-4806-97c4-e89f7f6341d7] Registry connection listener to current client:com.alibaba.nacos.client.naming.remote.gprc.redo.NamingGrpcRedoService
2026-09-06T16:45:14.559+08:00  INFO 4900 --- [mall-merchant-service] [           main] com.alibaba.nacos.common.remote.client   : [5a80c928-a6b9-4806-97c4-e89f7f6341d7] Register server push request handler:com.alibaba.nacos.client.naming.remote.gprc.NamingPushRequestHandler
2026-09-06T16:45:14.566+08:00  INFO 4900 --- [mall-merchant-service] [           main] com.alibaba.nacos.common.remote.client   : [5a80c928-a6b9-4806-97c4-e89f7f6341d7] Try to connect to server on start up, server: {serverIp = '192.168.193.131', server main port = 8848}
2026-09-06T16:45:14.628+08:00  INFO 4900 --- [mall-merchant-service] [           main] c.a.n.c.remote.client.grpc.GrpcClient    : grpc client connection server:192.168.193.131 ip,serverPort:9848,grpcTslConfig:{"sslProvider":"","enableTls":false,"mutualAuthEnable":false,"trustAll":false}
2026-09-06T16:45:15.431+08:00  INFO 4900 --- [mall-merchant-service] [           main] c.a.n.c.a.AbstractAbilityControlManager  : Ready to get current node abilities...
2026-09-06T16:45:15.432+08:00  INFO 4900 --- [mall-merchant-service] [           main] c.a.n.c.a.AbstractAbilityControlManager  : Ready to initialize current node abilities, support modes: [SDK_CLIENT]
2026-09-06T16:45:15.432+08:00  INFO 4900 --- [mall-merchant-service] [           main] c.a.n.c.a.AbstractAbilityControlManager  : Initialize current abilities finish...
2026-09-06T16:45:15.432+08:00  INFO 4900 --- [mall-merchant-service] [           main] c.a.n.c.a.d.NacosAbilityManagerHolder    : [AbilityControlManager] Successfully initialize AbilityControlManager
2026-09-06T16:45:15.449+08:00  INFO 4900 --- [mall-merchant-service] [           main] com.alibaba.nacos.common.remote.client   : [5a80c928-a6b9-4806-97c4-e89f7f6341d7] Success to connect to server [192.168.193.131:8848] on start up, connectionId = 1788684318381_192.168.193.1_55419
2026-09-06T16:45:15.449+08:00  INFO 4900 --- [mall-merchant-service] [remote.worker.0] com.alibaba.nacos.common.remote.client   : [5a80c928-a6b9-4806-97c4-e89f7f6341d7] Notify connected event to listeners.
2026-09-06T16:45:15.449+08:00  INFO 4900 --- [mall-merchant-service] [remote.worker.0] com.alibaba.nacos.client.naming          : Grpc connection connect
2026-09-06T16:45:15.450+08:00  INFO 4900 --- [mall-merchant-service] [           main] com.alibaba.nacos.common.remote.client   : [5a80c928-a6b9-4806-97c4-e89f7f6341d7] Register server push request handler:com.alibaba.nacos.common.remote.client.RpcClient$ConnectResetRequestHandler
2026-09-06T16:45:15.450+08:00  INFO 4900 --- [mall-merchant-service] [           main] com.alibaba.nacos.common.remote.client   : [5a80c928-a6b9-4806-97c4-e89f7f6341d7] Register server push request handler:com.alibaba.nacos.common.remote.client.RpcClient$$Lambda/0x000001da25689f10
2026-09-06T16:45:15.451+08:00  INFO 4900 --- [mall-merchant-service] [           main] com.alibaba.nacos.client.naming          : [REGISTER-SERVICE] public registering service mall-merchant-service with instance Instance{instanceId='null', ip='192.168.193.1', port=8012, weight=1.0, healthy=true, enabled=true, ephemeral=true, clusterName='DEFAULT', serviceName='null', metadata={IPv6=[2409:8934:10eb:1df0:e57e:8dae:960:95ef], preserved.register.source=SPRING_CLOUD}}
2026-09-06T16:45:15.464+08:00  INFO 4900 --- [mall-merchant-service] [           main] c.a.c.n.registry.NacosServiceRegistry    : nacos registry, DEFAULT_GROUP mall-merchant-service 192.168.193.1:8012 register finished
2026-09-06T16:45:16.483+08:00  INFO 4900 --- [mall-merchant-service] [           main] o.s.cloud.commons.util.InetUtils         : Cannot determine local hostname
2026-09-06T16:45:16.490+08:00  INFO 4900 --- [mall-merchant-service] [           main] com.mall.merchant.MerchantApplication    : Started MerchantApplication in 14.025 seconds (process running for 15.388)
