
  .   ____          _            __ _ _
 /\\ / ___'_ __ _ _(_)_ __  __ _ \ \ \ \
( ( )\___ | '_ | '_| | '_ \/ _` | \ \ \ \
 \\/  ___)| |_)| | | | | || (_| |  ) ) ) )
  '  |____| .__|_| |_|_| |_\__, | / / / /
 =========|_|==============|___/=/_/_/_/
 :: Spring Boot ::                (v3.2.4)

2026-09-06T16:45:05.038+08:00  INFO 21732 --- [mall-report-service] [           main] com.mall.report.ReportApplication        : Starting ReportApplication using Java 22.0.2 with PID 21732 (C:\Users\陈增\Desktop\狗屎\mall-backend\mall-report-service\target\mall-report-service-0.1.0-SNAPSHOT.jar started by 陈增 in C:\Users\陈增\Desktop\狗屎\mall-backend)
2026-09-06T16:45:05.054+08:00  INFO 21732 --- [mall-report-service] [           main] com.mall.report.ReportApplication        : No active profile set, falling back to 1 default profile: "default"
2026-09-06T16:45:08.139+08:00  INFO 21732 --- [mall-report-service] [           main] o.s.cloud.context.scope.GenericScope     : BeanFactory id=479f5bc0-af4f-3d46-9092-f8b92856af08
2026-09-06T16:45:09.148+08:00  INFO 21732 --- [mall-report-service] [           main] o.s.b.w.embedded.tomcat.TomcatWebServer  : Tomcat initialized with port 8016 (http)
2026-09-06T16:45:09.214+08:00  INFO 21732 --- [mall-report-service] [           main] o.apache.catalina.core.StandardService   : Starting service [Tomcat]
2026-09-06T16:45:09.215+08:00  INFO 21732 --- [mall-report-service] [           main] o.apache.catalina.core.StandardEngine    : Starting Servlet engine: [Apache Tomcat/10.1.19]
2026-09-06T16:45:09.353+08:00  INFO 21732 --- [mall-report-service] [           main] o.a.c.c.C.[Tomcat].[localhost].[/]       : Initializing Spring embedded WebApplicationContext
2026-09-06T16:45:09.366+08:00  INFO 21732 --- [mall-report-service] [           main] w.s.c.ServletWebServerApplicationContext : Root WebApplicationContext: initialization completed in 3873 ms
 _ _   |_  _ _|_. ___ _ |    _ 
| | |\/|_)(_| | |_\  |_)||_|_\ 
     /               |         
                        3.5.5 
2026-09-06T16:45:12.446+08:00  INFO 21732 --- [mall-report-service] [           main] o.s.cloud.commons.util.InetUtils         : Cannot determine local hostname
2026-09-06T16:45:13.634+08:00  INFO 21732 --- [mall-report-service] [           main] o.s.cloud.commons.util.InetUtils         : Cannot determine local hostname
2026-09-06T16:45:13.698+08:00  INFO 21732 --- [mall-report-service] [           main] o.s.b.w.embedded.tomcat.TomcatWebServer  : Tomcat started on port 8016 (http) with context path ''
2026-09-06T16:45:13.718+08:00  INFO 21732 --- [mall-report-service] [           main] com.alibaba.nacos.client.naming          : initializer namespace from ans.namespace attribute : null
2026-09-06T16:45:13.723+08:00  INFO 21732 --- [mall-report-service] [           main] com.alibaba.nacos.client.naming          : initializer namespace from ALIBABA_ALIWARE_NAMESPACE attribute :null
2026-09-06T16:45:13.725+08:00  INFO 21732 --- [mall-report-service] [           main] com.alibaba.nacos.client.naming          : initializer namespace from namespace attribute :null
2026-09-06T16:45:13.732+08:00  INFO 21732 --- [mall-report-service] [       Thread-3] c.a.n.c.a.r.identify.CredentialWatcher   : null No credential found
2026-09-06T16:45:13.752+08:00  INFO 21732 --- [mall-report-service] [           main] com.alibaba.nacos.client.naming          : FailoverDataSource type is class com.alibaba.nacos.client.naming.backups.datasource.DiskFailoverDataSource
2026-09-06T16:45:13.779+08:00  INFO 21732 --- [mall-report-service] [           main] c.alibaba.nacos.client.utils.ParamUtil   : [settings] [req-serv] nacos-server port:8848
2026-09-06T16:45:13.780+08:00  INFO 21732 --- [mall-report-service] [           main] c.alibaba.nacos.client.utils.ParamUtil   : [settings] [http-client] connect timeout:1000
2026-09-06T16:45:13.780+08:00  INFO 21732 --- [mall-report-service] [           main] c.alibaba.nacos.client.utils.ParamUtil   : PER_TASK_CONFIG_SIZE: 3000.0
2026-09-06T16:45:13.787+08:00  INFO 21732 --- [mall-report-service] [           main] c.a.n.p.a.s.c.ClientAuthPluginManager    : [ClientAuthPluginManager] Load ClientAuthService com.alibaba.nacos.client.auth.impl.NacosClientAuthServiceImpl success.
2026-09-06T16:45:13.787+08:00  INFO 21732 --- [mall-report-service] [           main] c.a.n.p.a.s.c.ClientAuthPluginManager    : [ClientAuthPluginManager] Load ClientAuthService com.alibaba.nacos.client.auth.ram.RamClientAuthServiceImpl success.
2026-09-06T16:45:13.801+08:00  INFO 21732 --- [mall-report-service] [           main] com.alibaba.nacos.common.remote.client   : [RpcClientFactory] create a new rpc client of f2582a26-814d-4437-be7e-373d02d80be1
2026-09-06T16:45:13.829+08:00  INFO 21732 --- [mall-report-service] [           main] com.alibaba.nacos.client.naming          : Create naming rpc client for uuid->f2582a26-814d-4437-be7e-373d02d80be1
2026-09-06T16:45:13.830+08:00  INFO 21732 --- [mall-report-service] [           main] com.alibaba.nacos.common.remote.client   : [f2582a26-814d-4437-be7e-373d02d80be1] RpcClient init, ServerListFactory = com.alibaba.nacos.client.naming.core.ServerListManager
2026-09-06T16:45:13.830+08:00  INFO 21732 --- [mall-report-service] [           main] com.alibaba.nacos.common.remote.client   : [f2582a26-814d-4437-be7e-373d02d80be1] Registry connection listener to current client:com.alibaba.nacos.client.naming.remote.gprc.redo.NamingGrpcRedoService
2026-09-06T16:45:13.830+08:00  INFO 21732 --- [mall-report-service] [           main] com.alibaba.nacos.common.remote.client   : [f2582a26-814d-4437-be7e-373d02d80be1] Register server push request handler:com.alibaba.nacos.client.naming.remote.gprc.NamingPushRequestHandler
2026-09-06T16:45:13.833+08:00  INFO 21732 --- [mall-report-service] [           main] com.alibaba.nacos.common.remote.client   : [f2582a26-814d-4437-be7e-373d02d80be1] Try to connect to server on start up, server: {serverIp = '192.168.193.131', server main port = 8848}
2026-09-06T16:45:13.872+08:00  INFO 21732 --- [mall-report-service] [           main] c.a.n.c.remote.client.grpc.GrpcClient    : grpc client connection server:192.168.193.131 ip,serverPort:9848,grpcTslConfig:{"sslProvider":"","enableTls":false,"mutualAuthEnable":false,"trustAll":false}
2026-09-06T16:45:14.507+08:00  INFO 21732 --- [mall-report-service] [           main] c.a.n.c.a.AbstractAbilityControlManager  : Ready to get current node abilities...
2026-09-06T16:45:14.512+08:00  INFO 21732 --- [mall-report-service] [           main] c.a.n.c.a.AbstractAbilityControlManager  : Ready to initialize current node abilities, support modes: [SDK_CLIENT]
2026-09-06T16:45:14.513+08:00  INFO 21732 --- [mall-report-service] [           main] c.a.n.c.a.AbstractAbilityControlManager  : Initialize current abilities finish...
2026-09-06T16:45:14.514+08:00  INFO 21732 --- [mall-report-service] [           main] c.a.n.c.a.d.NacosAbilityManagerHolder    : [AbilityControlManager] Successfully initialize AbilityControlManager
2026-09-06T16:45:14.567+08:00  INFO 21732 --- [mall-report-service] [           main] com.alibaba.nacos.common.remote.client   : [f2582a26-814d-4437-be7e-373d02d80be1] Success to connect to server [192.168.193.131:8848] on start up, connectionId = 1788684317414_192.168.193.1_55417
2026-09-06T16:45:14.569+08:00  INFO 21732 --- [mall-report-service] [           main] com.alibaba.nacos.common.remote.client   : [f2582a26-814d-4437-be7e-373d02d80be1] Register server push request handler:com.alibaba.nacos.common.remote.client.RpcClient$ConnectResetRequestHandler
2026-09-06T16:45:14.568+08:00  INFO 21732 --- [mall-report-service] [remote.worker.0] com.alibaba.nacos.common.remote.client   : [f2582a26-814d-4437-be7e-373d02d80be1] Notify connected event to listeners.
2026-09-06T16:45:14.569+08:00  INFO 21732 --- [mall-report-service] [remote.worker.0] com.alibaba.nacos.client.naming          : Grpc connection connect
2026-09-06T16:45:14.570+08:00  INFO 21732 --- [mall-report-service] [           main] com.alibaba.nacos.common.remote.client   : [f2582a26-814d-4437-be7e-373d02d80be1] Register server push request handler:com.alibaba.nacos.common.remote.client.RpcClient$$Lambda/0x00000293985f2bc8
2026-09-06T16:45:14.571+08:00  INFO 21732 --- [mall-report-service] [           main] com.alibaba.nacos.client.naming          : [REGISTER-SERVICE] public registering service mall-report-service with instance Instance{instanceId='null', ip='192.168.193.1', port=8016, weight=1.0, healthy=true, enabled=true, ephemeral=true, clusterName='DEFAULT', serviceName='null', metadata={IPv6=[2409:8934:10eb:1df0:e57e:8dae:960:95ef], preserved.register.source=SPRING_CLOUD}}
2026-09-06T16:45:14.610+08:00  INFO 21732 --- [mall-report-service] [           main] c.a.c.n.registry.NacosServiceRegistry    : nacos registry, DEFAULT_GROUP mall-report-service 192.168.193.1:8016 register finished
2026-09-06T16:45:15.645+08:00  INFO 21732 --- [mall-report-service] [           main] o.s.cloud.commons.util.InetUtils         : Cannot determine local hostname
2026-09-06T16:45:15.652+08:00  INFO 21732 --- [mall-report-service] [           main] com.mall.report.ReportApplication        : Started ReportApplication in 13.0 seconds (process running for 14.473)
