
  .   ____          _            __ _ _
 /\\ / ___'_ __ _ _(_)_ __  __ _ \ \ \ \
( ( )\___ | '_ | '_| | '_ \/ _` | \ \ \ \
 \\/  ___)| |_)| | | | | || (_| |  ) ) ) )
  '  |____| .__|_| |_|_| |_\__, | / / / /
 =========|_|==============|___/=/_/_/_/
 :: Spring Boot ::                (v3.2.4)

2026-09-06T16:45:04.745+08:00  INFO 25280 --- [mall-product-service] [           main] com.mall.product.ProductApplication      : Starting ProductApplication using Java 22.0.2 with PID 25280 (C:\Users\陈增\Desktop\狗屎\mall-backend\mall-product-service\target\mall-product-service-0.1.0-SNAPSHOT.jar started by 陈增 in C:\Users\陈增\Desktop\狗屎\mall-backend)
2026-09-06T16:45:04.749+08:00  INFO 25280 --- [mall-product-service] [           main] com.mall.product.ProductApplication      : No active profile set, falling back to 1 default profile: "default"
2026-09-06T16:45:08.000+08:00  INFO 25280 --- [mall-product-service] [           main] o.s.cloud.context.scope.GenericScope     : BeanFactory id=3ac70506-61d4-3d5b-838e-9ab554dcb1c1
2026-09-06T16:45:09.055+08:00  INFO 25280 --- [mall-product-service] [           main] o.s.b.w.embedded.tomcat.TomcatWebServer  : Tomcat initialized with port 8013 (http)
2026-09-06T16:45:09.097+08:00  INFO 25280 --- [mall-product-service] [           main] o.apache.catalina.core.StandardService   : Starting service [Tomcat]
2026-09-06T16:45:09.097+08:00  INFO 25280 --- [mall-product-service] [           main] o.apache.catalina.core.StandardEngine    : Starting Servlet engine: [Apache Tomcat/10.1.19]
2026-09-06T16:45:09.184+08:00  INFO 25280 --- [mall-product-service] [           main] o.a.c.c.C.[Tomcat].[localhost].[/]       : Initializing Spring embedded WebApplicationContext
2026-09-06T16:45:09.185+08:00  INFO 25280 --- [mall-product-service] [           main] w.s.c.ServletWebServerApplicationContext : Root WebApplicationContext: initialization completed in 4156 ms
 _ _   |_  _ _|_. ___ _ |    _ 
| | |\/|_)(_| | |_\  |_)||_|_\ 
     /               |         
                        3.5.5 
2026-09-06T16:45:13.310+08:00  INFO 25280 --- [mall-product-service] [           main] o.s.cloud.commons.util.InetUtils         : Cannot determine local hostname
2026-09-06T16:45:14.580+08:00  INFO 25280 --- [mall-product-service] [           main] o.s.cloud.commons.util.InetUtils         : Cannot determine local hostname
2026-09-06T16:45:14.675+08:00  INFO 25280 --- [mall-product-service] [           main] o.s.b.w.embedded.tomcat.TomcatWebServer  : Tomcat started on port 8013 (http) with context path ''
2026-09-06T16:45:14.700+08:00  INFO 25280 --- [mall-product-service] [           main] com.alibaba.nacos.client.naming          : initializer namespace from ans.namespace attribute : null
2026-09-06T16:45:14.706+08:00  INFO 25280 --- [mall-product-service] [           main] com.alibaba.nacos.client.naming          : initializer namespace from ALIBABA_ALIWARE_NAMESPACE attribute :null
2026-09-06T16:45:14.708+08:00  INFO 25280 --- [mall-product-service] [           main] com.alibaba.nacos.client.naming          : initializer namespace from namespace attribute :null
2026-09-06T16:45:14.710+08:00  INFO 25280 --- [mall-product-service] [       Thread-3] c.a.n.c.a.r.identify.CredentialWatcher   : null No credential found
2026-09-06T16:45:14.736+08:00  INFO 25280 --- [mall-product-service] [           main] com.alibaba.nacos.client.naming          : FailoverDataSource type is class com.alibaba.nacos.client.naming.backups.datasource.DiskFailoverDataSource
2026-09-06T16:45:14.764+08:00  INFO 25280 --- [mall-product-service] [           main] c.alibaba.nacos.client.utils.ParamUtil   : [settings] [req-serv] nacos-server port:8848
2026-09-06T16:45:14.765+08:00  INFO 25280 --- [mall-product-service] [           main] c.alibaba.nacos.client.utils.ParamUtil   : [settings] [http-client] connect timeout:1000
2026-09-06T16:45:14.766+08:00  INFO 25280 --- [mall-product-service] [           main] c.alibaba.nacos.client.utils.ParamUtil   : PER_TASK_CONFIG_SIZE: 3000.0
2026-09-06T16:45:14.773+08:00  INFO 25280 --- [mall-product-service] [           main] c.a.n.p.a.s.c.ClientAuthPluginManager    : [ClientAuthPluginManager] Load ClientAuthService com.alibaba.nacos.client.auth.impl.NacosClientAuthServiceImpl success.
2026-09-06T16:45:14.773+08:00  INFO 25280 --- [mall-product-service] [           main] c.a.n.p.a.s.c.ClientAuthPluginManager    : [ClientAuthPluginManager] Load ClientAuthService com.alibaba.nacos.client.auth.ram.RamClientAuthServiceImpl success.
2026-09-06T16:45:14.787+08:00  INFO 25280 --- [mall-product-service] [           main] com.alibaba.nacos.common.remote.client   : [RpcClientFactory] create a new rpc client of 5fb64aa8-e3d2-4caa-bb98-e5583b4a24e7
2026-09-06T16:45:14.815+08:00  INFO 25280 --- [mall-product-service] [           main] com.alibaba.nacos.client.naming          : Create naming rpc client for uuid->5fb64aa8-e3d2-4caa-bb98-e5583b4a24e7
2026-09-06T16:45:14.816+08:00  INFO 25280 --- [mall-product-service] [           main] com.alibaba.nacos.common.remote.client   : [5fb64aa8-e3d2-4caa-bb98-e5583b4a24e7] RpcClient init, ServerListFactory = com.alibaba.nacos.client.naming.core.ServerListManager
2026-09-06T16:45:14.817+08:00  INFO 25280 --- [mall-product-service] [           main] com.alibaba.nacos.common.remote.client   : [5fb64aa8-e3d2-4caa-bb98-e5583b4a24e7] Registry connection listener to current client:com.alibaba.nacos.client.naming.remote.gprc.redo.NamingGrpcRedoService
2026-09-06T16:45:14.819+08:00  INFO 25280 --- [mall-product-service] [           main] com.alibaba.nacos.common.remote.client   : [5fb64aa8-e3d2-4caa-bb98-e5583b4a24e7] Register server push request handler:com.alibaba.nacos.client.naming.remote.gprc.NamingPushRequestHandler
2026-09-06T16:45:14.822+08:00  INFO 25280 --- [mall-product-service] [           main] com.alibaba.nacos.common.remote.client   : [5fb64aa8-e3d2-4caa-bb98-e5583b4a24e7] Try to connect to server on start up, server: {serverIp = '192.168.193.131', server main port = 8848}
2026-09-06T16:45:14.895+08:00  INFO 25280 --- [mall-product-service] [           main] c.a.n.c.remote.client.grpc.GrpcClient    : grpc client connection server:192.168.193.131 ip,serverPort:9848,grpcTslConfig:{"sslProvider":"","enableTls":false,"mutualAuthEnable":false,"trustAll":false}
2026-09-06T16:45:15.517+08:00  INFO 25280 --- [mall-product-service] [           main] c.a.n.c.a.AbstractAbilityControlManager  : Ready to get current node abilities...
2026-09-06T16:45:15.517+08:00  INFO 25280 --- [mall-product-service] [           main] c.a.n.c.a.AbstractAbilityControlManager  : Ready to initialize current node abilities, support modes: [SDK_CLIENT]
2026-09-06T16:45:15.518+08:00  INFO 25280 --- [mall-product-service] [           main] c.a.n.c.a.AbstractAbilityControlManager  : Initialize current abilities finish...
2026-09-06T16:45:15.518+08:00  INFO 25280 --- [mall-product-service] [           main] c.a.n.c.a.d.NacosAbilityManagerHolder    : [AbilityControlManager] Successfully initialize AbilityControlManager
2026-09-06T16:45:15.535+08:00  INFO 25280 --- [mall-product-service] [           main] com.alibaba.nacos.common.remote.client   : [5fb64aa8-e3d2-4caa-bb98-e5583b4a24e7] Success to connect to server [192.168.193.131:8848] on start up, connectionId = 1788684318478_192.168.193.1_55421
2026-09-06T16:45:15.535+08:00  INFO 25280 --- [mall-product-service] [remote.worker.0] com.alibaba.nacos.common.remote.client   : [5fb64aa8-e3d2-4caa-bb98-e5583b4a24e7] Notify connected event to listeners.
2026-09-06T16:45:15.535+08:00  INFO 25280 --- [mall-product-service] [remote.worker.0] com.alibaba.nacos.client.naming          : Grpc connection connect
2026-09-06T16:45:15.535+08:00  INFO 25280 --- [mall-product-service] [           main] com.alibaba.nacos.common.remote.client   : [5fb64aa8-e3d2-4caa-bb98-e5583b4a24e7] Register server push request handler:com.alibaba.nacos.common.remote.client.RpcClient$ConnectResetRequestHandler
2026-09-06T16:45:15.535+08:00  INFO 25280 --- [mall-product-service] [           main] com.alibaba.nacos.common.remote.client   : [5fb64aa8-e3d2-4caa-bb98-e5583b4a24e7] Register server push request handler:com.alibaba.nacos.common.remote.client.RpcClient$$Lambda/0x00000185816f6fa8
2026-09-06T16:45:15.536+08:00  INFO 25280 --- [mall-product-service] [           main] com.alibaba.nacos.client.naming          : [REGISTER-SERVICE] public registering service mall-product-service with instance Instance{instanceId='null', ip='192.168.193.1', port=8013, weight=1.0, healthy=true, enabled=true, ephemeral=true, clusterName='DEFAULT', serviceName='null', metadata={IPv6=[2409:8934:10eb:1df0:e57e:8dae:960:95ef], preserved.register.source=SPRING_CLOUD}}
2026-09-06T16:45:15.548+08:00  INFO 25280 --- [mall-product-service] [           main] c.a.c.n.registry.NacosServiceRegistry    : nacos registry, DEFAULT_GROUP mall-product-service 192.168.193.1:8013 register finished
2026-09-06T16:45:16.560+08:00  INFO 25280 --- [mall-product-service] [           main] o.s.cloud.commons.util.InetUtils         : Cannot determine local hostname
2026-09-06T16:45:16.566+08:00  INFO 25280 --- [mall-product-service] [           main] com.mall.product.ProductApplication      : Started ProductApplication in 13.984 seconds (process running for 15.422)
