
  .   ____          _            __ _ _
 /\\ / ___'_ __ _ _(_)_ __  __ _ \ \ \ \
( ( )\___ | '_ | '_| | '_ \/ _` | \ \ \ \
 \\/  ___)| |_)| | | | | || (_| |  ) ) ) )
  '  |____| .__|_| |_|_| |_\__, | / / / /
 =========|_|==============|___/=/_/_/_/
 :: Spring Boot ::                (v3.2.4)

2026-09-06T16:49:36.829+08:00  INFO 18516 --- [mall-gateway] [           main] com.mall.gateway.GatewayApplication      : Starting GatewayApplication using Java 22.0.2 with PID 18516 (C:\Users\陈增\Desktop\狗屎\mall-backend\mall-gateway\target\mall-gateway-0.1.0-SNAPSHOT.jar started by 陈增 in C:\Users\陈增\Desktop\狗屎\mall-backend)
2026-09-06T16:49:36.832+08:00  INFO 18516 --- [mall-gateway] [           main] com.mall.gateway.GatewayApplication      : No active profile set, falling back to 1 default profile: "default"
2026-09-06T16:49:37.839+08:00  INFO 18516 --- [mall-gateway] [           main] o.s.cloud.context.scope.GenericScope     : BeanFactory id=f2462a5a-02cf-370d-b53e-f6ad187f3861
2026-09-06T16:49:37.909+08:00  WARN 18516 --- [mall-gateway] [           main] trationDelegate$BeanPostProcessorChecker : Bean 'org.springframework.cloud.client.loadbalancer.LoadBalancerAutoConfiguration$DeferringLoadBalancerInterceptorConfig' of type [org.springframework.cloud.client.loadbalancer.LoadBalancerAutoConfiguration$DeferringLoadBalancerInterceptorConfig] is not eligible for getting processed by all BeanPostProcessors (for example: not eligible for auto-proxying). The currently created BeanPostProcessor [lbRestClientPostProcessor] is declared through a non-static factory method on that class; consider declaring it as static instead.
2026-09-06T16:49:37.912+08:00  WARN 18516 --- [mall-gateway] [           main] trationDelegate$BeanPostProcessorChecker : Bean 'deferringLoadBalancerInterceptor' of type [org.springframework.cloud.client.loadbalancer.DeferringLoadBalancerInterceptor] is not eligible for getting processed by all BeanPostProcessors (for example: not eligible for auto-proxying). Is this bean getting eagerly injected into a currently created BeanPostProcessor [lbRestClientPostProcessor]? Check the corresponding BeanPostProcessor declaration and its dependencies.
2026-09-06T16:49:37.913+08:00  WARN 18516 --- [mall-gateway] [           main] trationDelegate$BeanPostProcessorChecker : Bean 'org.springframework.cloud.client.loadbalancer.reactive.LoadBalancerBeanPostProcessorAutoConfiguration' of type [org.springframework.cloud.client.loadbalancer.reactive.LoadBalancerBeanPostProcessorAutoConfiguration] is not eligible for getting processed by all BeanPostProcessors (for example: not eligible for auto-proxying). The currently created BeanPostProcessor [loadBalancerWebClientBuilderBeanPostProcessor] is declared through a non-static factory method on that class; consider declaring it as static instead.
2026-09-06T16:49:37.914+08:00  WARN 18516 --- [mall-gateway] [           main] trationDelegate$BeanPostProcessorChecker : Bean 'org.springframework.cloud.client.loadbalancer.reactive.LoadBalancerBeanPostProcessorAutoConfiguration$ReactorDeferringLoadBalancerFilterConfig' of type [org.springframework.cloud.client.loadbalancer.reactive.LoadBalancerBeanPostProcessorAutoConfiguration$ReactorDeferringLoadBalancerFilterConfig] is not eligible for getting processed by all BeanPostProcessors (for example: not eligible for auto-proxying). Is this bean getting eagerly injected into a currently created BeanPostProcessor [loadBalancerWebClientBuilderBeanPostProcessor]? Check the corresponding BeanPostProcessor declaration and its dependencies.
2026-09-06T16:49:37.915+08:00  WARN 18516 --- [mall-gateway] [           main] trationDelegate$BeanPostProcessorChecker : Bean 'reactorDeferringLoadBalancerExchangeFilterFunction' of type [org.springframework.cloud.client.loadbalancer.reactive.DeferringLoadBalancerExchangeFilterFunction] is not eligible for getting processed by all BeanPostProcessors (for example: not eligible for auto-proxying). Is this bean getting eagerly injected into a currently created BeanPostProcessor [loadBalancerWebClientBuilderBeanPostProcessor]? Check the corresponding BeanPostProcessor declaration and its dependencies.
2026-09-06T16:49:39.375+08:00  INFO 18516 --- [mall-gateway] [           main] o.s.cloud.commons.util.InetUtils         : Cannot determine local hostname
2026-09-06T16:49:40.392+08:00  INFO 18516 --- [mall-gateway] [           main] o.s.cloud.commons.util.InetUtils         : Cannot determine local hostname
2026-09-06T16:49:40.683+08:00  INFO 18516 --- [mall-gateway] [           main] o.s.c.g.r.RouteDefinitionRouteLocator    : Loaded RoutePredicateFactory [After]
2026-09-06T16:49:40.683+08:00  INFO 18516 --- [mall-gateway] [           main] o.s.c.g.r.RouteDefinitionRouteLocator    : Loaded RoutePredicateFactory [Before]
2026-09-06T16:49:40.683+08:00  INFO 18516 --- [mall-gateway] [           main] o.s.c.g.r.RouteDefinitionRouteLocator    : Loaded RoutePredicateFactory [Between]
2026-09-06T16:49:40.683+08:00  INFO 18516 --- [mall-gateway] [           main] o.s.c.g.r.RouteDefinitionRouteLocator    : Loaded RoutePredicateFactory [Cookie]
2026-09-06T16:49:40.683+08:00  INFO 18516 --- [mall-gateway] [           main] o.s.c.g.r.RouteDefinitionRouteLocator    : Loaded RoutePredicateFactory [Header]
2026-09-06T16:49:40.683+08:00  INFO 18516 --- [mall-gateway] [           main] o.s.c.g.r.RouteDefinitionRouteLocator    : Loaded RoutePredicateFactory [Host]
2026-09-06T16:49:40.683+08:00  INFO 18516 --- [mall-gateway] [           main] o.s.c.g.r.RouteDefinitionRouteLocator    : Loaded RoutePredicateFactory [Method]
2026-09-06T16:49:40.684+08:00  INFO 18516 --- [mall-gateway] [           main] o.s.c.g.r.RouteDefinitionRouteLocator    : Loaded RoutePredicateFactory [Path]
2026-09-06T16:49:40.684+08:00  INFO 18516 --- [mall-gateway] [           main] o.s.c.g.r.RouteDefinitionRouteLocator    : Loaded RoutePredicateFactory [Query]
2026-09-06T16:49:40.684+08:00  INFO 18516 --- [mall-gateway] [           main] o.s.c.g.r.RouteDefinitionRouteLocator    : Loaded RoutePredicateFactory [ReadBody]
2026-09-06T16:49:40.684+08:00  INFO 18516 --- [mall-gateway] [           main] o.s.c.g.r.RouteDefinitionRouteLocator    : Loaded RoutePredicateFactory [RemoteAddr]
2026-09-06T16:49:40.684+08:00  INFO 18516 --- [mall-gateway] [           main] o.s.c.g.r.RouteDefinitionRouteLocator    : Loaded RoutePredicateFactory [XForwardedRemoteAddr]
2026-09-06T16:49:40.684+08:00  INFO 18516 --- [mall-gateway] [           main] o.s.c.g.r.RouteDefinitionRouteLocator    : Loaded RoutePredicateFactory [Weight]
2026-09-06T16:49:40.684+08:00  INFO 18516 --- [mall-gateway] [           main] o.s.c.g.r.RouteDefinitionRouteLocator    : Loaded RoutePredicateFactory [CloudFoundryRouteService]
2026-09-06T16:49:41.870+08:00  INFO 18516 --- [mall-gateway] [           main] o.s.cloud.commons.util.InetUtils         : Cannot determine local hostname
2026-09-06T16:49:41.943+08:00  WARN 18516 --- [mall-gateway] [           main] iguration$LoadBalancerCaffeineWarnLogger : Spring Cloud LoadBalancer is currently working with the default cache. While this cache implementation is useful for development and tests, it's recommended to use Caffeine cache in production.You can switch to using Caffeine cache, by adding it and org.springframework.cache.caffeine.CaffeineCacheManager to the classpath.
2026-09-06T16:49:42.102+08:00  INFO 18516 --- [mall-gateway] [           main] o.s.b.web.embedded.netty.NettyWebServer  : Netty started on port 8090
2026-09-06T16:49:43.112+08:00  INFO 18516 --- [mall-gateway] [           main] o.s.cloud.commons.util.InetUtils         : Cannot determine local hostname
2026-09-06T16:49:44.127+08:00  INFO 18516 --- [mall-gateway] [           main] o.s.cloud.commons.util.InetUtils         : Cannot determine local hostname
2026-09-06T16:49:44.135+08:00  INFO 18516 --- [mall-gateway] [           main] com.alibaba.nacos.client.naming          : initializer namespace from ans.namespace attribute : null
2026-09-06T16:49:44.137+08:00  INFO 18516 --- [mall-gateway] [           main] com.alibaba.nacos.client.naming          : initializer namespace from ALIBABA_ALIWARE_NAMESPACE attribute :null
2026-09-06T16:49:44.137+08:00  INFO 18516 --- [mall-gateway] [           main] com.alibaba.nacos.client.naming          : initializer namespace from namespace attribute :null
2026-09-06T16:49:44.139+08:00  INFO 18516 --- [mall-gateway] [       Thread-4] c.a.n.c.a.r.identify.CredentialWatcher   : null No credential found
2026-09-06T16:49:44.149+08:00  INFO 18516 --- [mall-gateway] [           main] com.alibaba.nacos.client.naming          : FailoverDataSource type is class com.alibaba.nacos.client.naming.backups.datasource.DiskFailoverDataSource
2026-09-06T16:49:44.160+08:00  INFO 18516 --- [mall-gateway] [           main] c.alibaba.nacos.client.utils.ParamUtil   : [settings] [req-serv] nacos-server port:8848
2026-09-06T16:49:44.160+08:00  INFO 18516 --- [mall-gateway] [           main] c.alibaba.nacos.client.utils.ParamUtil   : [settings] [http-client] connect timeout:1000
2026-09-06T16:49:44.161+08:00  INFO 18516 --- [mall-gateway] [           main] c.alibaba.nacos.client.utils.ParamUtil   : PER_TASK_CONFIG_SIZE: 3000.0
2026-09-06T16:49:44.165+08:00  INFO 18516 --- [mall-gateway] [           main] c.a.n.p.a.s.c.ClientAuthPluginManager    : [ClientAuthPluginManager] Load ClientAuthService com.alibaba.nacos.client.auth.impl.NacosClientAuthServiceImpl success.
2026-09-06T16:49:44.165+08:00  INFO 18516 --- [mall-gateway] [           main] c.a.n.p.a.s.c.ClientAuthPluginManager    : [ClientAuthPluginManager] Load ClientAuthService com.alibaba.nacos.client.auth.ram.RamClientAuthServiceImpl success.
2026-09-06T16:49:44.173+08:00  INFO 18516 --- [mall-gateway] [           main] com.alibaba.nacos.common.remote.client   : [RpcClientFactory] create a new rpc client of 396ca8dc-279c-4623-a8ab-9356b6145aaa
2026-09-06T16:49:44.192+08:00  INFO 18516 --- [mall-gateway] [           main] com.alibaba.nacos.client.naming          : Create naming rpc client for uuid->396ca8dc-279c-4623-a8ab-9356b6145aaa
2026-09-06T16:49:44.193+08:00  INFO 18516 --- [mall-gateway] [           main] com.alibaba.nacos.common.remote.client   : [396ca8dc-279c-4623-a8ab-9356b6145aaa] RpcClient init, ServerListFactory = com.alibaba.nacos.client.naming.core.ServerListManager
2026-09-06T16:49:44.193+08:00  INFO 18516 --- [mall-gateway] [           main] com.alibaba.nacos.common.remote.client   : [396ca8dc-279c-4623-a8ab-9356b6145aaa] Registry connection listener to current client:com.alibaba.nacos.client.naming.remote.gprc.redo.NamingGrpcRedoService
2026-09-06T16:49:44.193+08:00  INFO 18516 --- [mall-gateway] [           main] com.alibaba.nacos.common.remote.client   : [396ca8dc-279c-4623-a8ab-9356b6145aaa] Register server push request handler:com.alibaba.nacos.client.naming.remote.gprc.NamingPushRequestHandler
2026-09-06T16:49:44.195+08:00  INFO 18516 --- [mall-gateway] [           main] com.alibaba.nacos.common.remote.client   : [396ca8dc-279c-4623-a8ab-9356b6145aaa] Try to connect to server on start up, server: {serverIp = '192.168.193.131', server main port = 8848}
2026-09-06T16:49:44.233+08:00  INFO 18516 --- [mall-gateway] [           main] c.a.n.c.remote.client.grpc.GrpcClient    : grpc client connection server:192.168.193.131 ip,serverPort:9848,grpcTslConfig:{"sslProvider":"","enableTls":false,"mutualAuthEnable":false,"trustAll":false}
2026-09-06T16:49:44.668+08:00  INFO 18516 --- [mall-gateway] [           main] c.a.n.c.a.AbstractAbilityControlManager  : Ready to get current node abilities...
2026-09-06T16:49:44.669+08:00  INFO 18516 --- [mall-gateway] [           main] c.a.n.c.a.AbstractAbilityControlManager  : Ready to initialize current node abilities, support modes: [SDK_CLIENT]
2026-09-06T16:49:44.670+08:00  INFO 18516 --- [mall-gateway] [           main] c.a.n.c.a.AbstractAbilityControlManager  : Initialize current abilities finish...
2026-09-06T16:49:44.670+08:00  INFO 18516 --- [mall-gateway] [           main] c.a.n.c.a.d.NacosAbilityManagerHolder    : [AbilityControlManager] Successfully initialize AbilityControlManager
2026-09-06T16:49:44.688+08:00  INFO 18516 --- [mall-gateway] [           main] com.alibaba.nacos.common.remote.client   : [396ca8dc-279c-4623-a8ab-9356b6145aaa] Success to connect to server [192.168.193.131:8848] on start up, connectionId = 1788684587614_192.168.193.1_61365
2026-09-06T16:49:44.689+08:00  INFO 18516 --- [mall-gateway] [remote.worker.0] com.alibaba.nacos.common.remote.client   : [396ca8dc-279c-4623-a8ab-9356b6145aaa] Notify connected event to listeners.
2026-09-06T16:49:44.689+08:00  INFO 18516 --- [mall-gateway] [remote.worker.0] com.alibaba.nacos.client.naming          : Grpc connection connect
2026-09-06T16:49:44.689+08:00  INFO 18516 --- [mall-gateway] [           main] com.alibaba.nacos.common.remote.client   : [396ca8dc-279c-4623-a8ab-9356b6145aaa] Register server push request handler:com.alibaba.nacos.common.remote.client.RpcClient$ConnectResetRequestHandler
2026-09-06T16:49:44.689+08:00  INFO 18516 --- [mall-gateway] [           main] com.alibaba.nacos.common.remote.client   : [396ca8dc-279c-4623-a8ab-9356b6145aaa] Register server push request handler:com.alibaba.nacos.common.remote.client.RpcClient$$Lambda/0x000002251c6a2fd8
2026-09-06T16:49:44.690+08:00  INFO 18516 --- [mall-gateway] [           main] com.alibaba.nacos.client.naming          : [REGISTER-SERVICE] public registering service mall-gateway with instance Instance{instanceId='null', ip='192.168.193.1', port=8090, weight=1.0, healthy=true, enabled=true, ephemeral=true, clusterName='DEFAULT', serviceName='null', metadata={IPv6=[2409:8934:10eb:1df0:e57e:8dae:960:95ef], preserved.register.source=SPRING_CLOUD}}
2026-09-06T16:49:44.705+08:00  INFO 18516 --- [mall-gateway] [           main] c.a.c.n.registry.NacosServiceRegistry    : nacos registry, DEFAULT_GROUP mall-gateway 192.168.193.1:8090 register finished
2026-09-06T16:49:44.763+08:00  INFO 18516 --- [mall-gateway] [           main] com.mall.gateway.GatewayApplication      : Started GatewayApplication in 9.488 seconds (process running for 10.064)
