
  .   ____          _            __ _ _
 /\\ / ___'_ __ _ _(_)_ __  __ _ \ \ \ \
( ( )\___ | '_ | '_| | '_ \/ _` | \ \ \ \
 \\/  ___)| |_)| | | | | || (_| |  ) ) ) )
  '  |____| .__|_| |_|_| |_\__, | / / / /
 =========|_|==============|___/=/_/_/_/
 :: Spring Boot ::                (v3.2.4)

2026-09-06T16:52:17.701+08:00  INFO 26768 --- [mall-pay-service] [           main] com.mall.pay.PayApplication              : Starting PayApplication using Java 22.0.2 with PID 26768 (C:\Users\陈增\Desktop\狗屎\mall-backend\mall-pay-service\target\mall-pay-service-0.1.0-SNAPSHOT.jar started by 陈增 in C:\Users\陈增\Desktop\狗屎\mall-backend)
2026-09-06T16:52:17.703+08:00  INFO 26768 --- [mall-pay-service] [           main] com.mall.pay.PayApplication              : No active profile set, falling back to 1 default profile: "default"
2026-09-06T16:52:18.731+08:00  INFO 26768 --- [mall-pay-service] [           main] .s.d.r.c.RepositoryConfigurationDelegate : Multiple Spring Data modules found, entering strict repository configuration mode
2026-09-06T16:52:18.732+08:00  INFO 26768 --- [mall-pay-service] [           main] .s.d.r.c.RepositoryConfigurationDelegate : Bootstrapping Spring Data Redis repositories in DEFAULT mode.
2026-09-06T16:52:18.752+08:00  INFO 26768 --- [mall-pay-service] [           main] .s.d.r.c.RepositoryConfigurationDelegate : Finished Spring Data repository scanning in 10 ms. Found 0 Redis repository interfaces.
2026-09-06T16:52:18.892+08:00  INFO 26768 --- [mall-pay-service] [           main] o.s.cloud.context.scope.GenericScope     : BeanFactory id=43a48fce-59a2-32a1-8c47-4072b7896083
2026-09-06T16:52:19.482+08:00  INFO 26768 --- [mall-pay-service] [           main] o.s.b.w.embedded.tomcat.TomcatWebServer  : Tomcat initialized with port 8015 (http)
2026-09-06T16:52:19.497+08:00  INFO 26768 --- [mall-pay-service] [           main] o.apache.catalina.core.StandardService   : Starting service [Tomcat]
2026-09-06T16:52:19.497+08:00  INFO 26768 --- [mall-pay-service] [           main] o.apache.catalina.core.StandardEngine    : Starting Servlet engine: [Apache Tomcat/10.1.19]
2026-09-06T16:52:19.539+08:00  INFO 26768 --- [mall-pay-service] [           main] o.a.c.c.C.[Tomcat].[localhost].[/]       : Initializing Spring embedded WebApplicationContext
2026-09-06T16:52:19.539+08:00  INFO 26768 --- [mall-pay-service] [           main] w.s.c.ServletWebServerApplicationContext : Root WebApplicationContext: initialization completed in 1767 ms
 _ _   |_  _ _|_. ___ _ |    _ 
| | |\/|_)(_| | |_\  |_)||_|_\ 
     /               |         
                        3.5.5 
2026-09-06T16:52:20.236+08:00  INFO 26768 --- [mall-pay-service] [           main] org.redisson.Version                     : Redisson 3.27.2
2026-09-06T16:52:20.623+08:00  INFO 26768 --- [mall-pay-service] [isson-netty-1-4] o.redisson.connection.ConnectionsHolder  : 1 connections initialized for 192.168.193.131/192.168.193.131:6379
2026-09-06T16:52:20.684+08:00  INFO 26768 --- [mall-pay-service] [sson-netty-1-19] o.redisson.connection.ConnectionsHolder  : 24 connections initialized for 192.168.193.131/192.168.193.131:6379
2026-09-06T16:52:22.121+08:00  INFO 26768 --- [mall-pay-service] [           main] o.s.cloud.commons.util.InetUtils         : Cannot determine local hostname
2026-09-06T16:52:23.404+08:00  INFO 26768 --- [mall-pay-service] [           main] o.s.cloud.commons.util.InetUtils         : Cannot determine local hostname
2026-09-06T16:52:23.414+08:00  INFO 26768 --- [mall-pay-service] [           main] o.s.b.a.e.web.EndpointLinksResolver      : Exposing 1 endpoint(s) beneath base path '/actuator'
2026-09-06T16:52:23.456+08:00  INFO 26768 --- [mall-pay-service] [           main] o.s.b.w.embedded.tomcat.TomcatWebServer  : Tomcat started on port 8015 (http) with context path ''
2026-09-06T16:52:23.463+08:00  INFO 26768 --- [mall-pay-service] [           main] com.alibaba.nacos.client.naming          : initializer namespace from ans.namespace attribute : null
2026-09-06T16:52:23.464+08:00  INFO 26768 --- [mall-pay-service] [           main] com.alibaba.nacos.client.naming          : initializer namespace from ALIBABA_ALIWARE_NAMESPACE attribute :null
2026-09-06T16:52:23.464+08:00  INFO 26768 --- [mall-pay-service] [           main] com.alibaba.nacos.client.naming          : initializer namespace from namespace attribute :null
2026-09-06T16:52:23.466+08:00  INFO 26768 --- [mall-pay-service] [       Thread-3] c.a.n.c.a.r.identify.CredentialWatcher   : null No credential found
2026-09-06T16:52:23.474+08:00  INFO 26768 --- [mall-pay-service] [           main] com.alibaba.nacos.client.naming          : FailoverDataSource type is class com.alibaba.nacos.client.naming.backups.datasource.DiskFailoverDataSource
2026-09-06T16:52:23.483+08:00  INFO 26768 --- [mall-pay-service] [           main] c.alibaba.nacos.client.utils.ParamUtil   : [settings] [req-serv] nacos-server port:8848
2026-09-06T16:52:23.483+08:00  INFO 26768 --- [mall-pay-service] [           main] c.alibaba.nacos.client.utils.ParamUtil   : [settings] [http-client] connect timeout:1000
2026-09-06T16:52:23.483+08:00  INFO 26768 --- [mall-pay-service] [           main] c.alibaba.nacos.client.utils.ParamUtil   : PER_TASK_CONFIG_SIZE: 3000.0
2026-09-06T16:52:23.486+08:00  INFO 26768 --- [mall-pay-service] [           main] c.a.n.p.a.s.c.ClientAuthPluginManager    : [ClientAuthPluginManager] Load ClientAuthService com.alibaba.nacos.client.auth.impl.NacosClientAuthServiceImpl success.
2026-09-06T16:52:23.486+08:00  INFO 26768 --- [mall-pay-service] [           main] c.a.n.p.a.s.c.ClientAuthPluginManager    : [ClientAuthPluginManager] Load ClientAuthService com.alibaba.nacos.client.auth.ram.RamClientAuthServiceImpl success.
2026-09-06T16:52:23.492+08:00  INFO 26768 --- [mall-pay-service] [           main] com.alibaba.nacos.common.remote.client   : [RpcClientFactory] create a new rpc client of 46b36201-34f1-4e0a-9591-9eb526433e48
2026-09-06T16:52:23.507+08:00  INFO 26768 --- [mall-pay-service] [           main] com.alibaba.nacos.client.naming          : Create naming rpc client for uuid->46b36201-34f1-4e0a-9591-9eb526433e48
2026-09-06T16:52:23.508+08:00  INFO 26768 --- [mall-pay-service] [           main] com.alibaba.nacos.common.remote.client   : [46b36201-34f1-4e0a-9591-9eb526433e48] RpcClient init, ServerListFactory = com.alibaba.nacos.client.naming.core.ServerListManager
2026-09-06T16:52:23.508+08:00  INFO 26768 --- [mall-pay-service] [           main] com.alibaba.nacos.common.remote.client   : [46b36201-34f1-4e0a-9591-9eb526433e48] Registry connection listener to current client:com.alibaba.nacos.client.naming.remote.gprc.redo.NamingGrpcRedoService
2026-09-06T16:52:23.508+08:00  INFO 26768 --- [mall-pay-service] [           main] com.alibaba.nacos.common.remote.client   : [46b36201-34f1-4e0a-9591-9eb526433e48] Register server push request handler:com.alibaba.nacos.client.naming.remote.gprc.NamingPushRequestHandler
2026-09-06T16:52:23.510+08:00  INFO 26768 --- [mall-pay-service] [           main] com.alibaba.nacos.common.remote.client   : [46b36201-34f1-4e0a-9591-9eb526433e48] Try to connect to server on start up, server: {serverIp = '192.168.193.131', server main port = 8848}
2026-09-06T16:52:23.535+08:00  INFO 26768 --- [mall-pay-service] [           main] c.a.n.c.remote.client.grpc.GrpcClient    : grpc client connection server:192.168.193.131 ip,serverPort:9848,grpcTslConfig:{"sslProvider":"","enableTls":false,"mutualAuthEnable":false,"trustAll":false}
2026-09-06T16:52:23.921+08:00  INFO 26768 --- [mall-pay-service] [           main] c.a.n.c.a.AbstractAbilityControlManager  : Ready to get current node abilities...
2026-09-06T16:52:23.922+08:00  INFO 26768 --- [mall-pay-service] [           main] c.a.n.c.a.AbstractAbilityControlManager  : Ready to initialize current node abilities, support modes: [SDK_CLIENT]
2026-09-06T16:52:23.922+08:00  INFO 26768 --- [mall-pay-service] [           main] c.a.n.c.a.AbstractAbilityControlManager  : Initialize current abilities finish...
2026-09-06T16:52:23.923+08:00  INFO 26768 --- [mall-pay-service] [           main] c.a.n.c.a.d.NacosAbilityManagerHolder    : [AbilityControlManager] Successfully initialize AbilityControlManager
2026-09-06T16:52:23.939+08:00  INFO 26768 --- [mall-pay-service] [           main] com.alibaba.nacos.common.remote.client   : [46b36201-34f1-4e0a-9591-9eb526433e48] Success to connect to server [192.168.193.131:8848] on start up, connectionId = 1788684746876_192.168.193.1_57156
2026-09-06T16:52:23.939+08:00  INFO 26768 --- [mall-pay-service] [remote.worker.0] com.alibaba.nacos.common.remote.client   : [46b36201-34f1-4e0a-9591-9eb526433e48] Notify connected event to listeners.
2026-09-06T16:52:23.939+08:00  INFO 26768 --- [mall-pay-service] [remote.worker.0] com.alibaba.nacos.client.naming          : Grpc connection connect
2026-09-06T16:52:23.940+08:00  INFO 26768 --- [mall-pay-service] [           main] com.alibaba.nacos.common.remote.client   : [46b36201-34f1-4e0a-9591-9eb526433e48] Register server push request handler:com.alibaba.nacos.common.remote.client.RpcClient$ConnectResetRequestHandler
2026-09-06T16:52:23.940+08:00  INFO 26768 --- [mall-pay-service] [           main] com.alibaba.nacos.common.remote.client   : [46b36201-34f1-4e0a-9591-9eb526433e48] Register server push request handler:com.alibaba.nacos.common.remote.client.RpcClient$$Lambda/0x00000235dc961b10
2026-09-06T16:52:23.941+08:00  INFO 26768 --- [mall-pay-service] [           main] com.alibaba.nacos.client.naming          : [REGISTER-SERVICE] public registering service mall-pay-service with instance Instance{instanceId='null', ip='192.168.193.1', port=8015, weight=1.0, healthy=true, enabled=true, ephemeral=true, clusterName='DEFAULT', serviceName='null', metadata={IPv6=[2409:8934:10eb:1df0:e57e:8dae:960:95ef], preserved.register.source=SPRING_CLOUD}}
2026-09-06T16:52:23.949+08:00  INFO 26768 --- [mall-pay-service] [           main] c.a.c.n.registry.NacosServiceRegistry    : nacos registry, DEFAULT_GROUP mall-pay-service 192.168.193.1:8015 register finished
2026-09-06T16:52:24.957+08:00  INFO 26768 --- [mall-pay-service] [           main] o.s.cloud.commons.util.InetUtils         : Cannot determine local hostname
2026-09-06T16:52:24.967+08:00  INFO 26768 --- [mall-pay-service] [           main] com.mall.pay.PayApplication              : Started PayApplication in 8.775 seconds (process running for 9.232)
